mode: set
github.com/artyomkorchagin/first-task/cmd/main.go:33.13,37.16 3 0
github.com/artyomkorchagin/first-task/cmd/main.go:37.16,39.3 1 0
github.com/artyomkorchagin/first-task/cmd/main.go:40.2,42.26 2 0
github.com/artyomkorchagin/first-task/cmd/main.go:42.26,44.3 1 0
github.com/artyomkorchagin/first-task/cmd/main.go:44.8,46.3 1 0
github.com/artyomkorchagin/first-task/cmd/main.go:48.2,48.16 1 0
github.com/artyomkorchagin/first-task/cmd/main.go:48.16,50.3 1 0
github.com/artyomkorchagin/first-task/cmd/main.go:51.2,56.16 5 0
github.com/artyomkorchagin/first-task/cmd/main.go:56.16,58.3 1 0
github.com/artyomkorchagin/first-task/cmd/main.go:60.2,61.34 2 0
github.com/artyomkorchagin/first-task/cmd/main.go:61.34,63.3 1 0
github.com/artyomkorchagin/first-task/cmd/main.go:64.2,67.58 3 0
github.com/artyomkorchagin/first-task/cmd/main.go:67.58,69.3 1 0
github.com/artyomkorchagin/first-task/cmd/main.go:70.2,75.16 5 0
github.com/artyomkorchagin/first-task/cmd/main.go:75.16,77.3 1 0
github.com/artyomkorchagin/first-task/cmd/main.go:79.2,93.12 8 0
github.com/artyomkorchagin/first-task/cmd/main.go:93.12,95.77 2 0
github.com/artyomkorchagin/first-task/cmd/main.go:95.77,97.4 1 0
github.com/artyomkorchagin/first-task/cmd/main.go:100.2,109.42 7 0
github.com/artyomkorchagin/first-task/cmd/main.go:109.42,111.3 1 0
github.com/artyomkorchagin/first-task/cmd/main.go:113.2,115.35 2 0
github.com/artyomkorchagin/first-task/cmd/main.go:115.35,117.3 1 0
github.com/artyomkorchagin/first-task/cmd/main.go:119.2,119.38 1 0
github.com/artyomkorchagin/first-task/internal/infrastructure/redis.go:9.63,16.67 2 0
github.com/artyomkorchagin/first-task/internal/infrastructure/redis.go:16.67,18.3 1 0
github.com/artyomkorchagin/first-task/internal/infrastructure/redis.go:19.2,19.17 1 0
github.com/artyomkorchagin/first-task/cmd/producer/producer.go:13.13,75.16 7 0
github.com/artyomkorchagin/first-task/cmd/producer/producer.go:75.16,77.3 1 0
github.com/artyomkorchagin/first-task/cmd/producer/producer.go:79.2,85.16 2 0
github.com/artyomkorchagin/first-task/cmd/producer/producer.go:85.16,87.3 1 0
github.com/artyomkorchagin/first-task/cmd/producer/producer.go:89.2,90.48 2 0
github.com/artyomkorchagin/first-task/internal/config/config.go:36.36,39.45 3 1
github.com/artyomkorchagin/first-task/internal/config/config.go:39.45,40.56 1 1
github.com/artyomkorchagin/first-task/internal/config/config.go:40.56,42.4 1 0
github.com/artyomkorchagin/first-task/internal/config/config.go:45.2,48.46 3 1
github.com/artyomkorchagin/first-task/internal/config/config.go:48.46,50.3 1 0
github.com/artyomkorchagin/first-task/internal/config/config.go:52.2,52.39 1 1
github.com/artyomkorchagin/first-task/internal/config/config.go:52.39,54.3 1 1
github.com/artyomkorchagin/first-task/internal/config/config.go:56.2,56.18 1 1
github.com/artyomkorchagin/first-task/internal/config/config.go:59.36,67.2 1 1
github.com/artyomkorchagin/first-task/internal/config/config.go:69.37,70.23 1 1
github.com/artyomkorchagin/first-task/internal/config/config.go:70.23,72.3 1 1
github.com/artyomkorchagin/first-task/internal/config/config.go:73.2,73.27 1 1
github.com/artyomkorchagin/first-task/internal/config/config.go:73.27,75.3 1 1
github.com/artyomkorchagin/first-task/internal/config/config.go:76.2,76.26 1 1
github.com/artyomkorchagin/first-task/internal/config/config.go:76.26,78.3 1 1
github.com/artyomkorchagin/first-task/internal/config/config.go:79.2,79.23 1 1
github.com/artyomkorchagin/first-task/internal/config/config.go:79.23,81.3 1 0
github.com/artyomkorchagin/first-task/internal/config/config.go:82.2,82.23 1 1
github.com/artyomkorchagin/first-task/internal/config/config.go:82.23,84.3 1 1
github.com/artyomkorchagin/first-task/internal/config/config.go:85.2,85.23 1 1
github.com/artyomkorchagin/first-task/internal/config/config.go:85.23,87.3 1 1
github.com/artyomkorchagin/first-task/internal/config/config.go:88.2,88.27 1 1
github.com/artyomkorchagin/first-task/internal/config/config.go:88.27,90.3 1 1
github.com/artyomkorchagin/first-task/internal/config/config.go:91.2,91.12 1 1
github.com/artyomkorchagin/first-task/internal/logger/logger.go:8.39,15.2 5 1
github.com/artyomkorchagin/first-task/internal/logger/logger.go:17.50,21.2 3 1
github.com/artyomkorchagin/first-task/internal/repository/postgres/order/CreateOrder.go:9.77,12.16 2 0
github.com/artyomkorchagin/first-task/internal/repository/postgres/order/CreateOrder.go:12.16,14.3 1 0
github.com/artyomkorchagin/first-task/internal/repository/postgres/order/CreateOrder.go:15.2,21.16 3 0
github.com/artyomkorchagin/first-task/internal/repository/postgres/order/CreateOrder.go:21.16,23.3 1 0
github.com/artyomkorchagin/first-task/internal/repository/postgres/order/CreateOrder.go:25.2,29.16 2 0
github.com/artyomkorchagin/first-task/internal/repository/postgres/order/CreateOrder.go:29.16,31.3 1 0
github.com/artyomkorchagin/first-task/internal/repository/postgres/order/CreateOrder.go:33.2,38.16 2 0
github.com/artyomkorchagin/first-task/internal/repository/postgres/order/CreateOrder.go:38.16,40.3 1 0
github.com/artyomkorchagin/first-task/internal/repository/postgres/order/CreateOrder.go:42.2,42.31 1 0
github.com/artyomkorchagin/first-task/internal/repository/postgres/order/CreateOrder.go:42.31,47.52 1 0
github.com/artyomkorchagin/first-task/internal/repository/postgres/order/CreateOrder.go:47.52,49.4 1 0
github.com/artyomkorchagin/first-task/internal/repository/postgres/order/CreateOrder.go:51.2,52.12 2 0
github.com/artyomkorchagin/first-task/internal/repository/postgres/order/ReadOrder.go:9.91,17.16 3 0
github.com/artyomkorchagin/first-task/internal/repository/postgres/order/ReadOrder.go:17.16,19.3 1 0
github.com/artyomkorchagin/first-task/internal/repository/postgres/order/ReadOrder.go:20.2,25.16 3 0
github.com/artyomkorchagin/first-task/internal/repository/postgres/order/ReadOrder.go:25.16,27.3 1 0
github.com/artyomkorchagin/first-task/internal/repository/postgres/order/ReadOrder.go:29.2,32.16 2 0
github.com/artyomkorchagin/first-task/internal/repository/postgres/order/ReadOrder.go:32.16,34.3 1 0
github.com/artyomkorchagin/first-task/internal/repository/postgres/order/ReadOrder.go:36.2,39.16 2 0
github.com/artyomkorchagin/first-task/internal/repository/postgres/order/ReadOrder.go:39.16,41.3 1 0
github.com/artyomkorchagin/first-task/internal/repository/postgres/order/ReadOrder.go:43.2,46.16 2 0
github.com/artyomkorchagin/first-task/internal/repository/postgres/order/ReadOrder.go:46.16,48.3 1 0
github.com/artyomkorchagin/first-task/internal/repository/postgres/order/ReadOrder.go:49.2,49.18 1 0
github.com/artyomkorchagin/first-task/internal/repository/postgres/order/ReadOrder.go:49.18,51.42 2 0
github.com/artyomkorchagin/first-task/internal/repository/postgres/order/ReadOrder.go:51.42,53.4 1 0
github.com/artyomkorchagin/first-task/internal/repository/postgres/order/ReadOrder.go:54.3,54.30 1 0
github.com/artyomkorchagin/first-task/internal/repository/postgres/order/ReadOrder.go:57.2,61.20 5 0
github.com/artyomkorchagin/first-task/internal/repository/postgres/order/repo.go:14.44,18.2 1 1
github.com/artyomkorchagin/first-task/internal/repository/postgres/order/repo.go:20.38,21.53 1 0
github.com/artyomkorchagin/first-task/internal/repository/postgres/order/repo.go:21.53,23.3 1 0
github.com/artyomkorchagin/first-task/internal/repository/postgres/order/repo.go:25.2,25.51 1 0
github.com/artyomkorchagin/first-task/internal/repository/postgres/order/repo.go:25.51,27.3 1 0
github.com/artyomkorchagin/first-task/internal/repository/postgres/order/repo.go:29.2,29.12 1 0
github.com/artyomkorchagin/first-task/internal/service/CreateOrder.go:12.74,14.23 2 0
github.com/artyomkorchagin/first-task/internal/service/CreateOrder.go:14.23,16.3 1 0
github.com/artyomkorchagin/first-task/internal/service/CreateOrder.go:18.2,19.16 2 0
github.com/artyomkorchagin/first-task/internal/service/CreateOrder.go:19.16,23.3 2 0
github.com/artyomkorchagin/first-task/internal/service/CreateOrder.go:25.2,25.51 1 0
github.com/artyomkorchagin/first-task/internal/service/CreateOrder.go:25.51,29.3 2 0
github.com/artyomkorchagin/first-task/internal/service/CreateOrder.go:30.2,32.12 2 0
github.com/artyomkorchagin/first-task/internal/service/ReadOrder.go:14.90,17.21 3 0
github.com/artyomkorchagin/first-task/internal/service/ReadOrder.go:17.21,19.3 1 0
github.com/artyomkorchagin/first-task/internal/service/ReadOrder.go:21.2,22.16 2 0
github.com/artyomkorchagin/first-task/internal/service/ReadOrder.go:22.16,26.3 2 0
github.com/artyomkorchagin/first-task/internal/service/ReadOrder.go:28.2,29.60 2 0
github.com/artyomkorchagin/first-task/internal/service/ReadOrder.go:29.60,30.61 1 0
github.com/artyomkorchagin/first-task/internal/service/ReadOrder.go:30.61,32.4 1 0
github.com/artyomkorchagin/first-task/internal/service/ReadOrder.go:33.3,33.20 1 0
github.com/artyomkorchagin/first-task/internal/service/ReadOrder.go:36.2,37.16 2 0
github.com/artyomkorchagin/first-task/internal/service/ReadOrder.go:37.16,39.3 1 0
github.com/artyomkorchagin/first-task/internal/service/ReadOrder.go:41.2,42.16 2 0
github.com/artyomkorchagin/first-task/internal/service/ReadOrder.go:42.16,45.3 1 0
github.com/artyomkorchagin/first-task/internal/service/ReadOrder.go:45.8,46.83 1 0
github.com/artyomkorchagin/first-task/internal/service/ReadOrder.go:46.83,50.4 1 0
github.com/artyomkorchagin/first-task/internal/service/ReadOrder.go:50.9,54.4 1 0
github.com/artyomkorchagin/first-task/internal/service/ReadOrder.go:57.2,57.19 1 0
github.com/artyomkorchagin/first-task/internal/service/service.go:14.84,20.2 1 0
github.com/artyomkorchagin/first-task/internal/types/errors.go:28.35,30.2 1 1
github.com/artyomkorchagin/first-task/internal/types/errors.go:33.53,33.112 1 1
github.com/artyomkorchagin/first-task/internal/types/errors.go:34.53,34.110 1 1
github.com/artyomkorchagin/first-task/internal/types/errors.go:35.53,35.121 1 1
github.com/artyomkorchagin/first-task/internal/types/errors.go:36.53,36.110 1 1
github.com/artyomkorchagin/first-task/internal/router/handlerFunc.go:13.56,14.30 1 0
github.com/artyomkorchagin/first-task/internal/router/handlerFunc.go:14.30,16.17 2 0
github.com/artyomkorchagin/first-task/internal/router/handlerFunc.go:16.17,17.48 1 0
github.com/artyomkorchagin/first-task/internal/router/handlerFunc.go:17.48,20.5 2 0
github.com/artyomkorchagin/first-task/internal/router/handlerFunc.go:20.10,23.5 2 0
github.com/artyomkorchagin/first-task/internal/router/order.go:9.51,13.16 3 0
github.com/artyomkorchagin/first-task/internal/router/order.go:13.16,15.3 1 0
github.com/artyomkorchagin/first-task/internal/router/order.go:16.2,18.12 2 0
github.com/artyomkorchagin/first-task/internal/router/order.go:21.53,24.2 1 0
github.com/artyomkorchagin/first-task/internal/router/order.go:26.53,29.2 2 0
github.com/artyomkorchagin/first-task/internal/router/router.go:18.82,23.2 1 0
github.com/artyomkorchagin/first-task/internal/router/router.go:25.44,33.2 7 0
github.com/artyomkorchagin/first-task/internal/router/router.go:33.2,37.44 3 0
github.com/artyomkorchagin/first-task/internal/router/router.go:37.44,39.4 1 0
github.com/artyomkorchagin/first-task/internal/router/router.go:41.3,41.74 1 0
github.com/artyomkorchagin/first-task/internal/router/router.go:43.2,44.15 2 0
